                                            The SAS System         20:01 Wednesday, April 24, 2024   1

                           Obs     Name     Sex    Age    Height    Weight

                             1    Alfred     M      14     69.0      112.5
                             2    Alice      F      13     56.5       84.0
                                            The SAS System         20:01 Wednesday, April 24, 2024   2

                                     Obs    Age    Sex     Name

                                       1     14     M     Alfred
                                       2     13     F     Alice 
                                            The SAS System         20:01 Wednesday, April 24, 2024   3

                                     Obs    Age    Sex     Name

                                       1     14     M     Alfred
                                       2     13     F     Alice 
                                            The SAS System         20:01 Wednesday, April 24, 2024   4

                           Obs     Name     Sex    Age    Height    Weight

                             1    Alfred     M      14     69.0      112.5
                             2    Alice      F      13     56.5       84.0
                                            The SAS System         20:01 Wednesday, April 24, 2024   5

                           Obs     Name     Sex    Age    Height    Weight

                             1    Alfred     M      14     69.0      112.5
                             2    Alice      F      13     56.5       84.0
